I'm sorry, but errors were detected in your script. Please correct the
errors listed below, and try again.


File "game/eat.rpy", line 13: expected statement.
    Player.stats.currentHealth=Player.stats.currentHealth+3.0
                              ^

File "game/eat.rpy", line 15: expected statement.
    Player.stats.currentHealth=Player.stats.maxHealth
                              ^

Ren'Py Version: Ren'Py 7.3.5.606
Mon Nov 30 14:12:44 2020
